[0m[38;5;2;1m[  0%]:[0m compiling.release build\.gens\iWantWidgetsPrisma\windows\x64\release\src\pch.h[0m
[0m[38;5;2;1m[  0%]:[0m compiling.release build\.gens\commonlibsse-ng\windows\x64\release\82eca5587aebae4c57c1935bca6f2e4b\PCH.h[0m
[0m[38;5;2;1m[  0%]:[0m compiling.release lib\commonlibsse-ng\src\RE\A\ActiveEffectFactory.cpp[0m
[0m[38;5;2;1m[  0%]:[0m compiling.release lib\commonlibsse-ng\src\RE\A\Actor.cpp[0m
[0m[38;5;2;1m[  0%]:[0m compiling.release lib\commonlibsse-ng\src\RE\A\ActorEquipManager.cpp[0m
[0m[38;5;2;1m[  0%]:[0m compiling.release lib\commonlibsse-ng\src\RE\A\ActorKill.cpp[0m
[0m[38;5;2;1m[  0%]:[0m compiling.release lib\commonlibsse-ng\src\RE\A\ActorValueList.cpp[0m
[0m[38;5;2;1m[  0%]:[0m compiling.release lib\commonlibsse-ng\src\RE\A\ActorValueOwner.cpp[0m
[0m[38;5;2;1m[  0%]:[0m compiling.release lib\commonlibsse-ng\src\RE\A\AddCallbackVisitor.cpp[0m
[0m[38;5;2;1m[  0%]:[0m compiling.release lib\commonlibsse-ng\src\RE\A\AIFormulas.cpp[0m
[0m[38;5;2;1m[  0%]:[0m compiling.release lib\commonlibsse-ng\src\RE\A\AIProcess.cpp[0m
[0m[38;5;2;1m[  0%]:[0m compiling.release lib\commonlibsse-ng\src\RE\A\AITimer.cpp[0m
[0m[38;5;2;1m[  0%]:[0m compiling.release lib\commonlibsse-ng\src\RE\A\AnimationClipDataSingleton.cpp[0m
[0m[38;5;2;1m[  0%]:[0m compiling.release lib\commonlibsse-ng\src\RE\A\AnimationSystemUtils.cpp[0m
[0m[38;5;2;1m[  0%]:[0m compiling.release lib\commonlibsse-ng\src\RE\A\ArmorRatingVisitor.cpp[0m
[0m[38;5;2;1m[  0%]:[0m compiling.release lib\commonlibsse-ng\src\RE\A\ArmorRatingVisitorBase.cpp[0m
[0m[38;5;2;1m[  0%]:[0m compiling.release lib\commonlibsse-ng\src\RE\A\Array.cpp[0m
[0m[38;5;2;1m[  0%]:[0m compiling.release lib\commonlibsse-ng\src\RE\A\AutoVanityState.cpp[0m
[0m[38;5;2;1m[  0%]:[0m compiling.release lib\commonlibsse-ng\src\RE\B\BarterMenu.cpp[0m
[0m[38;5;2;1m[  0%]:[0m compiling.release lib\commonlibsse-ng\src\RE\B\BeamProjectile.cpp[0m
[0m[38;5;2;1m[  0%]:[0m compiling.release lib\commonlibsse-ng\src\RE\B\BGSAcousticSpace.cpp[0m
[0m[38;5;2;1m[  0%]:[0m compiling.release lib\commonlibsse-ng\src\RE\B\BGSAttackData.cpp[0m
[0m[38;5;2;1m[  0%]:[0m compiling.release lib\commonlibsse-ng\src\RE\A\ActiveEffect.cpp[0m
[0m[38;5;2;1m[  0%]:[0m compiling.release lib\commonlibsse-ng\src\RE\B\BGSBaseAlias.cpp[0m
[0m[38;5;2;1m[  0%]:[0m compiling.release lib\commonlibsse-ng\src\RE\B\BGSBipedObjectForm.cpp[0m
[0m[38;5;2;1m[  1%]:[0m compiling.release lib\commonlibsse-ng\src\RE\B\BGSColorForm.cpp[0m
[0m[38;5;2;1m[  1%]:[0m compiling.release lib\commonlibsse-ng\src\RE\B\BGSConstructibleObject.cpp[0m
[0m[38;5;2;1m[  1%]:[0m compiling.release lib\commonlibsse-ng\src\RE\B\BGSCreatedObjectManager.cpp[0m
[0m[38;5;2;1m[  1%]:[0m compiling.release lib\commonlibsse-ng\src\RE\B\BGSDebris.cpp[0m
[0m[38;5;2;1m[  1%]:[0m compiling.release lib\commonlibsse-ng\src\RE\B\BGSDecalNode.cpp[0m
[0m[38;5;2;1m[  2%]:[0m compiling.release lib\commonlibsse-ng\src\RE\B\BGSDefaultObjectManager.cpp[0m
[0m[38;5;2;1m[  2%]:[0m compiling.release lib\commonlibsse-ng\src\RE\B\BGSEntryPointFunctionDataActivateChoice.cpp[0m
[0m[38;5;2;1m[  2%]:[0m compiling.release lib\commonlibsse-ng\src\RE\B\BGSEntryPointPerkEntry.cpp[0m
[0m[38;5;2;1m[  2%]:[0m compiling.release lib\commonlibsse-ng\src\RE\B\BGSFootstepManager.cpp[0m
[0m[38;5;2;1m[  2%]:[0m compiling.release lib\commonlibsse-ng\src\RE\B\BGSHeadPart.cpp[0m
[0m[38;5;2;1m[  2%]:[0m compiling.release lib\commonlibsse-ng\src\RE\B\BGSIdleCollection.cpp[0m
[0m[38;5;2;1m[  3%]:[0m compiling.release lib\commonlibsse-ng\src\RE\B\BGSKeyword.cpp[0m
[0m[38;5;2;1m[  3%]:[0m compiling.release lib\commonlibsse-ng\src\RE\B\BGSKeywordForm.cpp[0m
[0m[38;5;2;1m[  3%]:[0m compiling.release lib\commonlibsse-ng\src\RE\B\BGSListForm.cpp[0m
[0m[38;5;2;1m[  3%]:[0m compiling.release lib\commonlibsse-ng\src\RE\B\BGSLocation.cpp[0m
[0m[38;5;2;1m[  3%]:[0m compiling.release lib\commonlibsse-ng\src\RE\B\BGSOpenCloseForm.cpp[0m
[0m[38;5;2;1m[  4%]:[0m compiling.release lib\commonlibsse-ng\src\RE\B\BGSPerkEntry.cpp[0m
[0m[38;5;2;1m[  4%]:[0m compiling.release lib\commonlibsse-ng\src\RE\B\BGSPerkRankArray.cpp[0m
[0m[38;5;2;1m[  4%]:[0m compiling.release lib\commonlibsse-ng\src\RE\B\BGSRefAlias.cpp[0m
[0m[38;5;2;1m[  4%]:[0m compiling.release lib\commonlibsse-ng\src\RE\B\BGSSaveLoadManager.cpp[0m
[0m[38;5;2;1m[  4%]:[0m compiling.release lib\commonlibsse-ng\src\RE\B\BGSSkillPerkTreeNode.cpp[0m
[0m[38;5;2;1m[  5%]:[0m compiling.release lib\commonlibsse-ng\src\RE\B\BGSSoundCategory.cpp[0m
[0m[38;5;2;1m[  5%]:[0m compiling.release lib\commonlibsse-ng\src\RE\B\BGSStoryTeller.cpp[0m
[0m[38;5;2;1m[  5%]:[0m compiling.release lib\commonlibsse-ng\src\RE\B\bhkCharProxyController.cpp[0m
[0m[38;5;2;1m[  5%]:[0m compiling.release lib\commonlibsse-ng\src\RE\B\bhkRigidBody.cpp[0m
[0m[38;5;2;1m[  5%]:[0m compiling.release lib\commonlibsse-ng\src\RE\B\BipedAnim.cpp[0m
[0m[38;5;2;1m[  5%]:[0m compiling.release lib\commonlibsse-ng\src\RE\B\BleedoutCameraState.cpp[0m
[0m[38;5;2;1m[  6%]:[0m compiling.release lib\commonlibsse-ng\src\RE\B\BookMenu.cpp[0m
[0m[38;5;2;1m[  6%]:[0m compiling.release lib\commonlibsse-ng\src\RE\B\BooksRead.cpp[0m
[0m[38;5;2;1m[  6%]:[0m compiling.release lib\commonlibsse-ng\src\RE\B\BSAtomic.cpp[0m
[0m[38;5;2;1m[  6%]:[0m compiling.release lib\commonlibsse-ng\src\RE\B\BSAudioManager.cpp[0m
[0m[38;5;2;1m[  6%]:[0m compiling.release lib\commonlibsse-ng\src\RE\B\BSCompoundFrustum.cpp[0m
[0m[38;5;2;1m[  7%]:[0m compiling.release lib\commonlibsse-ng\src\RE\B\BSCubeMapCamera.cpp[0m
[0m[38;5;2;1m[  7%]:[0m compiling.release lib\commonlibsse-ng\src\RE\B\BSCullingProcess.cpp[0m
[0m[38;5;2;1m[  7%]:[0m compiling.release lib\commonlibsse-ng\src\RE\B\BSDirectInputManager.cpp[0m
[0m[38;5;2;1m[  7%]:[0m compiling.release lib\commonlibsse-ng\src\RE\B\BSEffectShaderData.cpp[0m
[0m[38;5;2;1m[  7%]:[0m compiling.release lib\commonlibsse-ng\src\RE\B\BSExtraData.cpp[0m
[0m[38;5;2;1m[  8%]:[0m compiling.release lib\commonlibsse-ng\src\RE\B\BSFaceGenAnimationData.cpp[0m
[0m[38;5;2;1m[  8%]:[0m compiling.release lib\commonlibsse-ng\src\RE\B\BSFaceGenKeyframeMultiple.cpp[0m
[0m[38;5;2;1m[  8%]:[0m compiling.release lib\commonlibsse-ng\src\RE\B\BSFaceGenNiNode.cpp[0m
[0m[38;5;2;1m[  8%]:[0m compiling.release lib\commonlibsse-ng\src\RE\B\BSFadeNode.cpp[0m
[0m[38;5;2;1m[  8%]:[0m compiling.release lib\commonlibsse-ng\src\RE\B\BSFixedString.cpp[0m
[0m[38;5;2;1m[  8%]:[0m compiling.release lib\commonlibsse-ng\src\RE\B\BSGamepadDevice.cpp[0m
[0m[38;5;2;1m[  9%]:[0m compiling.release lib\commonlibsse-ng\src\RE\B\BSGameSound.cpp[0m
[0m[38;5;2;1m[  9%]:[0m compiling.release lib\commonlibsse-ng\src\RE\B\BSGeometry.cpp[0m
[0m[38;5;2;1m[  9%]:[0m compiling.release lib\commonlibsse-ng\src\RE\B\BSHandleRefObject.cpp[0m
[0m[38;5;2;1m[  9%]:[0m compiling.release lib\commonlibsse-ng\src\RE\B\BSInputDevice.cpp[0m
[0m[38;5;2;1m[  9%]:[0m compiling.release lib\commonlibsse-ng\src\RE\B\BSInputDeviceFactory.cpp[0m
[0m[38;5;2;1m[ 10%]:[0m compiling.release lib\commonlibsse-ng\src\RE\B\BSInputDeviceManager.cpp[0m
[0m[38;5;2;1m[ 10%]:[0m compiling.release lib\commonlibsse-ng\src\RE\B\BSInputEventQueue.cpp[0m
[0m[38;5;2;1m[ 10%]:[0m compiling.release lib\commonlibsse-ng\src\RE\B\BSInstanceTriShape.cpp[0m
[0m[38;5;2;1m[ 10%]:[0m compiling.release lib\commonlibsse-ng\src\RE\B\BSInvMarker.cpp[0m
[0m[38;5;2;1m[ 10%]:[0m compiling.release lib\commonlibsse-ng\src\RE\B\BSIStream.cpp[0m
[0m[38;5;2;1m[ 11%]:[0m compiling.release lib\commonlibsse-ng\src\RE\B\BSKeyboardDevice.cpp[0m
[0m[38;5;2;1m[ 11%]:[0m compiling.release lib\commonlibsse-ng\src\RE\B\BSLeafAnimNode.cpp[0m
[0m[38;5;2;1m[ 11%]:[0m compiling.release lib\commonlibsse-ng\src\RE\B\BSLightingShaderMaterialBase.cpp[0m
[0m[38;5;2;1m[ 11%]:[0m compiling.release lib\commonlibsse-ng\src\RE\B\BSLightingShaderProperty.cpp[0m
[0m[38;5;2;1m[ 11%]:[0m compiling.release lib\commonlibsse-ng\src\RE\B\BSModelDB.cpp[0m
[0m[38;5;2;1m[ 11%]:[0m compiling.release lib\commonlibsse-ng\src\RE\B\BSMouseDevice.cpp[0m
[0m[38;5;2;1m[ 12%]:[0m compiling.release lib\commonlibsse-ng\src\RE\B\BSMultiBoundNode.cpp[0m
[0m[38;5;2;1m[ 12%]:[0m compiling.release lib\commonlibsse-ng\src\RE\B\BSOcclusionPlane.cpp[0m
[0m[38;5;2;1m[ 12%]:[0m compiling.release lib\commonlibsse-ng\src\RE\B\BSOpenVR.cpp[0m
[0m[38;5;2;1m[ 12%]:[0m compiling.release lib\commonlibsse-ng\src\RE\B\BSParticleSystemManager.cpp[0m
[0m[38;5;2;1m[ 12%]:[0m compiling.release lib\commonlibsse-ng\src\RE\B\BSPathingLocation.cpp[0m
[0m[38;5;2;1m[ 13%]:[0m compiling.release lib\commonlibsse-ng\src\RE\B\BSPathingRequest.cpp[0m
[0m[38;5;2;1m[ 13%]:[0m compiling.release lib\commonlibsse-ng\src\RE\B\BSPCGamepadDeviceDelegate.cpp[0m
[0m[38;5;2;1m[ 13%]:[0m compiling.release lib\commonlibsse-ng\src\RE\B\BSPCGamepadDeviceHandler.cpp[0m
[0m[38;5;2;1m[ 13%]:[0m compiling.release lib\commonlibsse-ng\src\RE\B\BSPCOrbisGamepadDevice.cpp[0m
[0m[38;5;2;1m[ 13%]:[0m compiling.release lib\commonlibsse-ng\src\RE\B\BSPointerHandle.cpp[0m
[0m[38;5;2;1m[ 14%]:[0m compiling.release lib\commonlibsse-ng\src\RE\B\BSPortalGraph.cpp[0m
[0m[38;5;2;1m[ 14%]:[0m compiling.release lib\commonlibsse-ng\src\RE\B\BSPortalGraphEntry.cpp[0m
[0m[38;5;2;1m[ 14%]:[0m compiling.release lib\commonlibsse-ng\src\RE\B\BSProceduralLightningController.cpp[0m
[0m[38;5;2;1m[ 14%]:[0m compiling.release lib\commonlibsse-ng\src\RE\B\BSProceduralLightningTasklet.cpp[0m
[0m[38;5;2;1m[ 14%]:[0m compiling.release lib\commonlibsse-ng\src\RE\B\BSResourceNiBinaryStream.cpp[0m
[0m[38;5;2;1m[ 14%]:[0m compiling.release lib\commonlibsse-ng\src\RE\B\BSResponse.cpp[0m
[0m[38;5;2;1m[ 15%]:[0m compiling.release lib\commonlibsse-ng\src\RE\B\BSScaleformManager.cpp[0m
[0m[38;5;2;1m[ 15%]:[0m compiling.release lib\commonlibsse-ng\src\RE\B\BSScaleformTranslator.cpp[0m
[0m[38;5;2;1m[ 15%]:[0m compiling.release lib\commonlibsse-ng\src\RE\B\BSScriptObjectBindPolicy.cpp[0m
[0m[38;5;2;1m[ 15%]:[0m compiling.release lib\commonlibsse-ng\src\RE\B\BSShaderProperty.cpp[0m
[0m[38;5;2;1m[ 15%]:[0m compiling.release lib\commonlibsse-ng\src\RE\B\BSShaderTextureSet.cpp[0m
[0m[38;5;2;1m[ 16%]:[0m compiling.release lib\commonlibsse-ng\src\RE\B\BSSoundHandle.cpp[0m
[0m[38;5;2;1m[ 16%]:[0m compiling.release lib\commonlibsse-ng\src\RE\B\BSStringPool.cpp[0m
[0m[38;5;2;1m[ 16%]:[0m compiling.release lib\commonlibsse-ng\src\RE\B\BSSystemFileStorage.cpp[0m
[0m[38;5;2;1m[ 16%]:[0m compiling.release lib\commonlibsse-ng\src\RE\B\BSTArray.cpp[0m
[0m[38;5;2;1m[ 16%]:[0m compiling.release lib\commonlibsse-ng\src\RE\B\BSTCreateFactoryManager.cpp[0m
[0m[38;5;2;1m[ 17%]:[0m compiling.release lib\commonlibsse-ng\src\RE\B\BSTempNodeManager.cpp[0m
[0m[38;5;2;1m[ 17%]:[0m compiling.release lib\commonlibsse-ng\src\RE\B\BSTreeNode.cpp[0m
[0m[38;5;2;1m[ 17%]:[0m compiling.release lib\commonlibsse-ng\src\RE\B\BSUIMessageData.cpp[0m
[0m[38;5;2;1m[ 17%]:[0m compiling.release lib\commonlibsse-ng\src\RE\B\BSVirtualKeyboardDevice.cpp[0m
[0m[38;5;2;1m[ 17%]:[0m compiling.release lib\commonlibsse-ng\src\RE\B\BSVisit.cpp[0m
[0m[38;5;2;1m[ 17%]:[0m compiling.release lib\commonlibsse-ng\src\RE\B\BSWin32GamepadDevice.cpp[0m
[0m[38;5;2;1m[ 18%]:[0m compiling.release lib\commonlibsse-ng\src\RE\B\BSWin32KeyboardDevice.cpp[0m
[0m[38;5;2;1m[ 18%]:[0m compiling.release lib\commonlibsse-ng\src\RE\B\BSWin32MouseDevice.cpp[0m
[0m[38;5;2;1m[ 18%]:[0m compiling.release lib\commonlibsse-ng\src\RE\B\BSWin32SaveDataSystemUtility.cpp[0m
[0m[38;5;2;1m[ 18%]:[0m compiling.release lib\commonlibsse-ng\src\RE\B\BSWin32VirtualKeyboardDevice.cpp[0m
[0m[38;5;2;1m[ 18%]:[0m compiling.release lib\commonlibsse-ng\src\RE\B\BSWindModifier.cpp[0m
[0m[38;5;2;1m[ 19%]:[0m compiling.release lib\commonlibsse-ng\src\RE\B\BSXAudio2GameSound.cpp[0m
[0m[38;5;2;1m[ 19%]:[0m compiling.release lib\commonlibsse-ng\src\RE\B\BSXFlags.cpp[0m
[0m[38;5;2;1m[ 19%]:[0m compiling.release lib\commonlibsse-ng\src\RE\C\Calendar.cpp[0m
[0m[38;5;2;1m[ 19%]:[0m compiling.release lib\commonlibsse-ng\src\RE\C\CFilter.cpp[0m
[0m[38;5;2;1m[ 19%]:[0m compiling.release lib\commonlibsse-ng\src\RE\C\ChainExplosion.cpp[0m
[0m[38;5;2;1m[ 20%]:[0m compiling.release lib\commonlibsse-ng\src\RE\C\ChestsLooted.cpp[0m
[0m[38;5;2;1m[ 20%]:[0m compiling.release lib\commonlibsse-ng\src\RE\C\ChildSelectorBase.cpp[0m
[0m[38;5;2;1m[ 20%]:[0m compiling.release lib\commonlibsse-ng\src\RE\C\CollisionLayers.cpp[0m
[0m[38;5;2;1m[ 20%]:[0m compiling.release lib\commonlibsse-ng\src\RE\C\Color.cpp[0m
[0m[38;5;2;1m[ 20%]:[0m compiling.release lib\commonlibsse-ng\src\RE\C\ColorUtil.cpp[0m
[0m[38;5;2;1m[ 20%]:[0m compiling.release lib\commonlibsse-ng\src\RE\C\CombatAcquireItem.cpp[0m
[0m[38;5;2;1m[ 21%]:[0m compiling.release lib\commonlibsse-ng\src\RE\C\CombatAimController.cpp[0m
[0m[38;5;2;1m[ 21%]:[0m compiling.release lib\commonlibsse-ng\src\RE\C\CombatAnimation.cpp[0m
[0m[38;5;2;1m[ 21%]:[0m compiling.release lib\commonlibsse-ng\src\RE\C\CombatBehavior.cpp[0m
[0m[38;5;2;1m[ 21%]:[0m compiling.release lib\commonlibsse-ng\src\RE\C\CombatBehaviorAccessors.cpp[0m
[0m[38;5;2;1m[ 21%]:[0m compiling.release lib\commonlibsse-ng\src\RE\C\CombatBehaviorAcquireItem.cpp[0m
[0m[38;5;2;1m[ 22%]:[0m compiling.release lib\commonlibsse-ng\src\RE\C\CombatBehaviorAcquireResource.cpp[0m
[0m[38;5;2;1m[ 22%]:[0m compiling.release lib\commonlibsse-ng\src\RE\C\CombatBehaviorAdvance.cpp[0m
[0m[38;5;2;1m[ 22%]:[0m compiling.release lib\commonlibsse-ng\src\RE\C\CombatBehaviorBackoff.cpp[0m
[0m[38;5;2;1m[ 22%]:[0m compiling.release lib\commonlibsse-ng\src\RE\C\CombatBehaviorBlock.cpp[0m
[0m[38;5;2;1m[ 22%]:[0m compiling.release lib\commonlibsse-ng\src\RE\C\CombatBehaviorBlockAttack.cpp[0m
[0m[38;5;2;1m[ 23%]:[0m compiling.release lib\commonlibsse-ng\src\RE\C\CombatBehaviorChildSelector.cpp[0m
[0m[38;5;2;1m[ 23%]:[0m compiling.release lib\commonlibsse-ng\src\RE\C\CombatBehaviorCircle.cpp[0m
[0m[38;5;2;1m[ 23%]:[0m compiling.release lib\commonlibsse-ng\src\RE\C\CombatBehaviorCircleDistant.cpp[0m
[0m[38;5;2;1m[ 23%]:[0m compiling.release lib\commonlibsse-ng\src\RE\C\CombatBehaviorContext.cpp[0m
[0m[38;5;2;1m[ 23%]:[0m compiling.release lib\commonlibsse-ng\src\RE\C\CombatBehaviorContextAcquireWeapon.cpp[0m
[0m[38;5;2;1m[ 23%]:[0m compiling.release lib\commonlibsse-ng\src\RE\C\CombatBehaviorContextBlock.cpp[0m
[0m[38;5;2;1m[ 24%]:[0m compiling.release lib\commonlibsse-ng\src\RE\C\CombatBehaviorContextCloseMovement.cpp[0m
[0m[38;5;2;1m[ 24%]:[0m compiling.release lib\commonlibsse-ng\src\RE\C\CombatBehaviorContextDodgeThreat.cpp[0m
[0m[38;5;2;1m[ 24%]:[0m compiling.release lib\commonlibsse-ng\src\RE\C\CombatBehaviorContextFlankingMovement.cpp[0m
[0m[38;5;2;1m[ 24%]:[0m compiling.release lib\commonlibsse-ng\src\RE\C\CombatBehaviorContextFlee.cpp[0m
[0m[38;5;2;1m[ 24%]:[0m compiling.release lib\commonlibsse-ng\src\RE\C\CombatBehaviorContextMagic.cpp[0m
[0m[38;5;2;1m[ 25%]:[0m compiling.release lib\commonlibsse-ng\src\RE\C\CombatBehaviorContextMelee.cpp[0m
[0m[38;5;2;1m[ 25%]:[0m compiling.release lib\commonlibsse-ng\src\RE\C\CombatBehaviorContextRangedMovement.cpp[0m
[0m[38;5;2;1m[ 25%]:[0m compiling.release lib\commonlibsse-ng\src\RE\C\CombatBehaviorContextSearch.cpp[0m
[0m[38;5;2;1m[ 25%]:[0m compiling.release lib\commonlibsse-ng\src\RE\C\CombatBehaviorContextShout.cpp[0m
[0m[38;5;2;1m[ 25%]:[0m compiling.release lib\commonlibsse-ng\src\RE\C\CombatBehaviorController.cpp[0m
[0m[38;5;2;1m[ 25%]:[0m compiling.release lib\commonlibsse-ng\src\RE\C\CombatBehaviorDodgeThreat.cpp[0m
[0m[38;5;2;1m[ 26%]:[0m compiling.release lib\commonlibsse-ng\src\RE\C\CombatBehaviorDynamicConditionalNode.cpp[0m
[0m[38;5;2;1m[ 26%]:[0m compiling.release lib\commonlibsse-ng\src\RE\C\CombatBehaviorEquipContext.cpp[0m
[0m[38;5;2;1m[ 26%]:[0m compiling.release lib\commonlibsse-ng\src\RE\C\CombatBehaviorFallback.cpp[0m
[0m[38;5;2;1m[ 26%]:[0m compiling.release lib\commonlibsse-ng\src\RE\C\CombatBehaviorFallbackSelector.cpp[0m
[0m[38;5;2;1m[ 26%]:[0m compiling.release lib\commonlibsse-ng\src\RE\C\CombatBehaviorFallbackToRanged.cpp[0m
[0m[38;5;2;1m[ 27%]:[0m compiling.release lib\commonlibsse-ng\src\RE\C\CombatBehaviorFindWeapon.cpp[0m
[0m[38;5;2;1m[ 27%]:[0m compiling.release lib\commonlibsse-ng\src\RE\C\CombatBehaviorIdle.cpp[0m
[0m[38;5;2;1m[ 27%]:[0m compiling.release lib\commonlibsse-ng\src\RE\C\CombatBehaviorParallel.cpp[0m
[0m[38;5;2;1m[ 27%]:[0m compiling.release lib\commonlibsse-ng\src\RE\C\CombatBehaviorPause.cpp[0m
[0m[38;5;2;1m[ 27%]:[0m compiling.release lib\commonlibsse-ng\src\RE\C\CombatBehaviorRepeat.cpp[0m
[0m[38;5;2;1m[ 28%]:[0m compiling.release lib\commonlibsse-ng\src\RE\C\CombatBehaviorReposition.cpp[0m
[0m[38;5;2;1m[ 28%]:[0m compiling.release lib\commonlibsse-ng\src\RE\C\CombatBehaviorResource.cpp[0m
[0m[38;5;2;1m[ 28%]:[0m compiling.release lib\commonlibsse-ng\src\RE\C\CombatBehaviorSequence.cpp[0m
[0m[38;5;2;1m[ 28%]:[0m compiling.release lib\commonlibsse-ng\src\RE\C\CombatBehaviorSpawnParallel.cpp[0m
[0m[38;5;2;1m[ 28%]:[0m compiling.release lib\commonlibsse-ng\src\RE\C\CombatBehaviorStack.cpp[0m
[0m[38;5;2;1m[ 28%]:[0m compiling.release lib\commonlibsse-ng\src\RE\C\CombatBehaviorSurround.cpp[0m
[0m[38;5;2;1m[ 29%]:[0m compiling.release lib\commonlibsse-ng\src\RE\C\CombatBehaviorThread.cpp[0m
[0m[38;5;2;1m[ 29%]:[0m compiling.release lib\commonlibsse-ng\src\RE\C\CombatBehaviorTree.cpp[0m
[0m[38;5;2;1m[ 29%]:[0m compiling.release lib\commonlibsse-ng\src\RE\C\CombatBehaviorTreeLinkNode.cpp[0m
[0m[38;5;2;1m[ 29%]:[0m compiling.release lib\commonlibsse-ng\src\RE\C\CombatBehaviorTreeManager.cpp[0m
[0m[38;5;2;1m[ 29%]:[0m compiling.release lib\commonlibsse-ng\src\RE\C\CombatBehaviorTreeNode.cpp[0m
[0m[38;5;2;1m[ 30%]:[0m compiling.release lib\commonlibsse-ng\src\RE\C\CombatBehaviorTreeNodeEvaluateFunction.cpp[0m
[0m[38;5;2;1m[ 30%]:[0m compiling.release lib\commonlibsse-ng\src\RE\C\CombatBehaviorTreeNodeObject.cpp[0m
[0m[38;5;2;1m[ 30%]:[0m compiling.release lib\commonlibsse-ng\src\RE\C\CombatBehaviorTreeRootNode.cpp[0m
[0m[38;5;2;1m[ 30%]:[0m compiling.release lib\commonlibsse-ng\src\RE\C\CombatBehaviorTrees.cpp[0m
[0m[38;5;2;1m[ 30%]:[0m compiling.release lib\commonlibsse-ng\src\RE\C\CombatBehaviorTreeUtils.cpp[0m
[0m[38;5;2;1m[ 31%]:[0m compiling.release lib\commonlibsse-ng\src\RE\C\CombatBlackboard.cpp[0m
[0m[38;5;2;1m[ 31%]:[0m compiling.release lib\commonlibsse-ng\src\RE\C\CombatBlackboardFlag.cpp[0m
[0m[38;5;2;1m[ 31%]:[0m compiling.release lib\commonlibsse-ng\src\RE\C\CombatBlackboardManager.cpp[0m
[0m[38;5;2;1m[ 31%]:[0m compiling.release lib\commonlibsse-ng\src\RE\C\CombatController.cpp[0m
[0m[38;5;2;1m[ 31%]:[0m compiling.release lib\commonlibsse-ng\src\RE\C\CombatGroup.cpp[0m
[0m[38;5;2;1m[ 31%]:[0m compiling.release lib\commonlibsse-ng\src\RE\C\CombatInventory.cpp[0m
[0m[38;5;2;1m[ 32%]:[0m compiling.release lib\commonlibsse-ng\src\RE\C\CombatPath.cpp[0m
[0m[38;5;2;1m[ 32%]:[0m compiling.release lib\commonlibsse-ng\src\RE\C\CombatState.cpp[0m
[0m[38;5;2;1m[ 32%]:[0m compiling.release lib\commonlibsse-ng\src\RE\C\CombatTargetLocation.cpp[0m
[0m[38;5;2;1m[ 32%]:[0m compiling.release lib\commonlibsse-ng\src\RE\C\CombatTargetLocationSearch.cpp[0m
[0m[38;5;2;1m[ 32%]:[0m compiling.release lib\commonlibsse-ng\src\RE\C\CombatTargetLocationSearchResult.cpp[0m
[0m[38;5;2;1m[ 33%]:[0m compiling.release lib\commonlibsse-ng\src\RE\C\CombatThreat.cpp[0m
[0m[38;5;2;1m[ 33%]:[0m compiling.release lib\commonlibsse-ng\src\RE\C\CommandTable.cpp[0m
[0m[38;5;2;1m[ 33%]:[0m compiling.release lib\commonlibsse-ng\src\RE\C\ConditionalChildSelector.cpp[0m
[0m[38;5;2;1m[ 33%]:[0m compiling.release lib\commonlibsse-ng\src\RE\C\ConeProjectile.cpp[0m
[0m[38;5;2;1m[ 33%]:[0m compiling.release lib\commonlibsse-ng\src\RE\C\Console.cpp[0m
[0m[38;5;2;1m[ 34%]:[0m compiling.release lib\commonlibsse-ng\src\RE\C\ConsoleLog.cpp[0m
[0m[38;5;2;1m[ 34%]:[0m compiling.release lib\commonlibsse-ng\src\RE\C\ContainerItemExtra.cpp[0m
[0m[38;5;2;1m[ 34%]:[0m compiling.release lib\commonlibsse-ng\src\RE\C\ContainerMenu.cpp[0m
[0m[38;5;2;1m[ 34%]:[0m compiling.release lib\commonlibsse-ng\src\RE\C\ControlMap.cpp[0m
[0m[38;5;2;1m[ 34%]:[0m compiling.release lib\commonlibsse-ng\src\RE\C\CriticalHit.cpp[0m
[0m[38;5;2;1m[ 34%]:[0m compiling.release lib\commonlibsse-ng\src\RE\D\DisarmedEvent.cpp[0m
[0m[38;5;2;1m[ 35%]:[0m compiling.release lib\commonlibsse-ng\src\RE\D\DragonCameraState.cpp[0m
[0m[38;5;2;1m[ 35%]:[0m compiling.release lib\commonlibsse-ng\src\RE\D\DragonSoulsGained.cpp[0m
[0m[38;5;2;1m[ 35%]:[0m compiling.release lib\commonlibsse-ng\src\RE\E\Effect.cpp[0m
[0m[38;5;2;1m[ 35%]:[0m compiling.release lib\commonlibsse-ng\src\RE\E\EffectSetting.cpp[0m
[0m[38;5;2;1m[ 35%]:[0m compiling.release lib\commonlibsse-ng\src\RE\E\EnchantConstructMenu.cpp[0m
[0m[38;5;2;1m[ 36%]:[0m compiling.release lib\commonlibsse-ng\src\RE\E\Explosion.cpp[0m
[0m[38;5;2;1m[ 36%]:[0m compiling.release lib\commonlibsse-ng\src\RE\E\ExtraAliasInstanceArray.cpp[0m
[0m[38;5;2;1m[ 36%]:[0m compiling.release lib\commonlibsse-ng\src\RE\E\ExtraAshPileRef.cpp[0m
[0m[38;5;2;1m[ 36%]:[0m compiling.release lib\commonlibsse-ng\src\RE\E\ExtraCannotWear.cpp[0m
[0m[38;5;2;1m[ 36%]:[0m compiling.release lib\commonlibsse-ng\src\RE\E\ExtraCanTalkToPlayer.cpp[0m
[0m[38;5;2;1m[ 37%]:[0m compiling.release lib\commonlibsse-ng\src\RE\E\ExtraCharge.cpp[0m
[0m[38;5;2;1m[ 37%]:[0m compiling.release lib\commonlibsse-ng\src\RE\E\ExtraContainerChanges.cpp[0m
[0m[38;5;2;1m[ 37%]:[0m compiling.release lib\commonlibsse-ng\src\RE\E\ExtraCount.cpp[0m
[0m[38;5;2;1m[ 37%]:[0m compiling.release lib\commonlibsse-ng\src\RE\E\ExtraDataList.cpp[0m
[0m[38;5;2;1m[ 37%]:[0m compiling.release lib\commonlibsse-ng\src\RE\E\ExtraEnchantment.cpp[0m
[0m[38;5;2;1m[ 37%]:[0m compiling.release lib\commonlibsse-ng\src\RE\E\ExtraEncounterZone.cpp[0m
[0m[38;5;2;1m[ 38%]:[0m compiling.release lib\commonlibsse-ng\src\RE\E\ExtraForcedTarget.cpp[0m
[0m[38;5;2;1m[ 38%]:[0m compiling.release lib\commonlibsse-ng\src\RE\E\ExtraHealth.cpp[0m
[0m[38;5;2;1m[ 38%]:[0m compiling.release lib\commonlibsse-ng\src\RE\E\ExtraHotkey.cpp[0m
[0m[38;5;2;1m[ 38%]:[0m compiling.release lib\commonlibsse-ng\src\RE\E\ExtraLevCreaModifier.cpp[0m
[0m[38;5;2;1m[ 38%]:[0m compiling.release lib\commonlibsse-ng\src\RE\E\ExtraLightData.cpp[0m
[0m[38;5;2;1m[ 39%]:[0m compiling.release lib\commonlibsse-ng\src\RE\E\ExtraLinkedRef.cpp[0m
[0m[38;5;2;1m[ 39%]:[0m compiling.release lib\commonlibsse-ng\src\RE\E\ExtraLock.cpp[0m
[0m[38;5;2;1m[ 39%]:[0m compiling.release lib\commonlibsse-ng\src\RE\E\ExtraMissingLinkedRefIDs.cpp[0m
[0m[38;5;2;1m[ 39%]:[0m compiling.release lib\commonlibsse-ng\src\RE\E\ExtraNorthRotation.cpp[0m
[0m[38;5;2;1m[ 39%]:[0m compiling.release lib\commonlibsse-ng\src\RE\E\ExtraOwnership.cpp[0m
[0m[38;5;2;1m[ 40%]:[0m compiling.release lib\commonlibsse-ng\src\RE\E\ExtraPoison.cpp[0m
[0m[38;5;2;1m[ 40%]:[0m compiling.release lib\commonlibsse-ng\src\RE\E\ExtraRank.cpp[0m
[0m[38;5;2;1m[ 40%]:[0m compiling.release lib\commonlibsse-ng\src\RE\E\ExtraReferenceHandle.cpp[0m
[0m[38;5;2;1m[ 40%]:[0m compiling.release lib\commonlibsse-ng\src\RE\E\ExtraSoul.cpp[0m
[0m[38;5;2;1m[ 40%]:[0m compiling.release lib\commonlibsse-ng\src\RE\E\ExtraTextDisplayData.cpp[0m
[0m[38;5;2;1m[ 40%]:[0m compiling.release lib\commonlibsse-ng\src\RE\E\ExtraUniqueID.cpp[0m
[0m[38;5;2;1m[ 41%]:[0m compiling.release lib\commonlibsse-ng\src\RE\F\FindMaxMagnitudeVisitor.cpp[0m
[0m[38;5;2;1m[ 41%]:[0m compiling.release lib\commonlibsse-ng\src\RE\F\FirstPersonState.cpp[0m
[0m[38;5;2;1m[ 41%]:[0m compiling.release lib\commonlibsse-ng\src\RE\F\FormTypes.cpp[0m
[0m[38;5;2;1m[ 41%]:[0m compiling.release lib\commonlibsse-ng\src\RE\F\FurnitureCameraState.cpp[0m
[0m[38;5;2;1m[ 41%]:[0m compiling.release lib\commonlibsse-ng\src\RE\F\FxDelegate.cpp[0m
[0m[38;5;2;1m[ 42%]:[0m compiling.release lib\commonlibsse-ng\src\RE\F\FxDelegateArgs.cpp[0m
[0m[38;5;2;1m[ 42%]:[0m compiling.release lib\commonlibsse-ng\src\RE\G\GameSettingCollection.cpp[0m
[0m[38;5;2;1m[ 42%]:[0m compiling.release lib\commonlibsse-ng\src\RE\G\GAtomic.cpp[0m
[0m[38;5;2;1m[ 42%]:[0m compiling.release lib\commonlibsse-ng\src\RE\G\GetWornMaskVisitor.cpp[0m
[0m[38;5;2;1m[ 42%]:[0m compiling.release lib\commonlibsse-ng\src\RE\G\GFxLoader.cpp[0m
[0m[38;5;2;1m[ 43%]:[0m compiling.release lib\commonlibsse-ng\src\RE\G\GFxLog.cpp[0m
[0m[38;5;2;1m[ 43%]:[0m compiling.release lib\commonlibsse-ng\src\RE\G\GFxMovie.cpp[0m
[0m[38;5;2;1m[ 43%]:[0m compiling.release lib\commonlibsse-ng\src\RE\G\GFxMovieDataDef.cpp[0m
[0m[38;5;2;1m[ 43%]:[0m compiling.release lib\commonlibsse-ng\src\RE\G\GFxMovieDef.cpp[0m
[0m[38;5;2;1m[ 43%]:[0m compiling.release lib\commonlibsse-ng\src\RE\G\GFxMovieView.cpp[0m
[0m[38;5;2;1m[ 43%]:[0m compiling.release lib\commonlibsse-ng\src\RE\G\GFxRenderConfig.cpp[0m
[0m[38;5;2;1m[ 44%]:[0m compiling.release lib\commonlibsse-ng\src\RE\G\GFxResource.cpp[0m
[0m[38;5;2;1m[ 44%]:[0m compiling.release lib\commonlibsse-ng\src\RE\G\GFxResourceID.cpp[0m
[0m[38;5;2;1m[ 44%]:[0m compiling.release lib\commonlibsse-ng\src\RE\G\GFxResourceKey.cpp[0m
[0m[38;5;2;1m[ 44%]:[0m compiling.release lib\commonlibsse-ng\src\RE\G\GFxState.cpp[0m
[0m[38;5;2;1m[ 44%]:[0m compiling.release lib\commonlibsse-ng\src\RE\G\GFxStateBag.cpp[0m
[0m[38;5;2;1m[ 45%]:[0m compiling.release lib\commonlibsse-ng\src\RE\G\GFxTranslator.cpp[0m
[0m[38;5;2;1m[ 45%]:[0m compiling.release lib\commonlibsse-ng\src\RE\G\GFxValue.cpp[0m
[0m[38;5;2;1m[ 45%]:[0m compiling.release lib\commonlibsse-ng\src\RE\G\GFxWStringBuffer.cpp[0m
[0m[38;5;2;1m[ 45%]:[0m compiling.release lib\commonlibsse-ng\src\RE\G\GFxWWHelper.cpp[0m
[0m[38;5;2;1m[ 45%]:[0m compiling.release lib\commonlibsse-ng\src\RE\G\GiftMenu.cpp[0m
[0m[38;5;2;1m[ 46%]:[0m compiling.release lib\commonlibsse-ng\src\RE\G\GMemory.cpp[0m
[0m[38;5;2;1m[ 46%]:[0m compiling.release lib\commonlibsse-ng\src\RE\G\GMemoryHeap.cpp[0m
[0m[38;5;2;1m[ 46%]:[0m compiling.release lib\commonlibsse-ng\src\RE\G\GRefCountImpl.cpp[0m
[0m[38;5;2;1m[ 46%]:[0m compiling.release lib\commonlibsse-ng\src\RE\G\GRefCountNTSImpl.cpp[0m
[0m[38;5;2;1m[ 46%]:[0m compiling.release lib\commonlibsse-ng\src\RE\G\GRenderer.cpp[0m
[0m[38;5;2;1m[ 46%]:[0m compiling.release lib\commonlibsse-ng\src\RE\G\GStd.cpp[0m
[0m[38;5;2;1m[ 47%]:[0m compiling.release lib\commonlibsse-ng\src\RE\G\GString.cpp[0m
[0m[38;5;2;1m[ 47%]:[0m compiling.release lib\commonlibsse-ng\src\RE\G\GViewport.cpp[0m
[0m[38;5;2;1m[ 47%]:[0m compiling.release lib\commonlibsse-ng\src\RE\H\Hazard.cpp[0m
[0m[38;5;2;1m[ 47%]:[0m compiling.release lib\commonlibsse-ng\src\RE\H\HeapBlock.cpp[0m
[0m[38;5;2;1m[ 47%]:[0m compiling.release lib\commonlibsse-ng\src\RE\H\HeldStateHandler.cpp[0m
[0m[38;5;2;1m[ 48%]:[0m compiling.release lib\commonlibsse-ng\src\RE\H\hkBaseTypes.cpp[0m
[0m[38;5;2;1m[ 48%]:[0m compiling.release lib\commonlibsse-ng\src\RE\H\hkbBehaviorGraph.cpp[0m
[0m[38;5;2;1m[ 48%]:[0m compiling.release lib\commonlibsse-ng\src\RE\H\hkbBehaviorGraphData.cpp[0m
[0m[38;5;2;1m[ 48%]:[0m compiling.release lib\commonlibsse-ng\src\RE\H\hkbVariableValueSet.cpp[0m
[0m[38;5;2;1m[ 48%]:[0m compiling.release lib\commonlibsse-ng\src\RE\H\hkpAabbPhantom.cpp[0m
[0m[38;5;2;1m[ 48%]:[0m compiling.release lib\commonlibsse-ng\src\RE\H\hkpBroadPhase.cpp[0m
[0m[38;5;2;1m[ 49%]:[0m compiling.release lib\commonlibsse-ng\src\RE\H\hkpCdBody.cpp[0m
[0m[38;5;2;1m[ 49%]:[0m compiling.release lib\commonlibsse-ng\src\RE\H\hkpCharacterProxyListener.cpp[0m
[0m[38;5;2;1m[ 49%]:[0m compiling.release lib\commonlibsse-ng\src\RE\H\hkpCharacterRigidBody.cpp[0m
[0m[38;5;2;1m[ 49%]:[0m compiling.release lib\commonlibsse-ng\src\RE\H\hkpMaterial.cpp[0m
[0m[38;5;2;1m[ 49%]:[0m compiling.release lib\commonlibsse-ng\src\RE\H\hkpProperty.cpp[0m
[0m[38;5;2;1m[ 50%]:[0m compiling.release lib\commonlibsse-ng\src\RE\H\hkpRigidBody.cpp[0m
[0m[38;5;2;1m[ 50%]:[0m compiling.release lib\commonlibsse-ng\src\RE\H\hkpShapePhantom.cpp[0m
[0m[38;5;2;1m[ 50%]:[0m compiling.release lib\commonlibsse-ng\src\RE\H\hkpWorldObject.cpp[0m
[0m[38;5;2;1m[ 50%]:[0m compiling.release lib\commonlibsse-ng\src\RE\H\hkReferencedObject.cpp[0m
[0m[38;5;2;1m[ 50%]:[0m compiling.release lib\commonlibsse-ng\src\RE\H\hkStringPtr.cpp[0m
[0m[38;5;2;1m[ 51%]:[0m compiling.release lib\commonlibsse-ng\src\RE\H\hkVector4.cpp[0m
[0m[38;5;2;1m[ 51%]:[0m compiling.release lib\commonlibsse-ng\src\RE\H\HorseCameraState.cpp[0m
[0m[38;5;2;1m[ 51%]:[0m compiling.release lib\commonlibsse-ng\src\RE\H\HUDMeter.cpp[0m
[0m[38;5;2;1m[ 51%]:[0m compiling.release lib\commonlibsse-ng\src\RE\H\HUDObject.cpp[0m
[0m[38;5;2;1m[ 51%]:[0m compiling.release lib\commonlibsse-ng\src\RE\I\IAnimationGraphManagerHolder.cpp[0m
[0m[38;5;2;1m[ 51%]:[0m compiling.release lib\commonlibsse-ng\src\RE\I\IFormFactory.cpp[0m
[0m[38;5;2;1m[ 52%]:[0m compiling.release lib\commonlibsse-ng\src\RE\I\IFunction.cpp[0m
[0m[38;5;2;1m[ 52%]:[0m compiling.release lib\commonlibsse-ng\src\RE\I\IHandlerFunctor.cpp[0m
[0m[38;5;2;1m[ 52%]:[0m compiling.release lib\commonlibsse-ng\src\RE\I\IMemoryStore.cpp[0m
[0m[38;5;2;1m[ 52%]:[0m compiling.release lib\commonlibsse-ng\src\RE\I\IMenu.cpp[0m
[0m[38;5;2;1m[ 52%]:[0m compiling.release lib\commonlibsse-ng\src\RE\I\IMovementState.cpp[0m
[0m[38;5;2;1m[ 53%]:[0m compiling.release lib\commonlibsse-ng\src\RE\I\IngredientItem.cpp[0m
[0m[38;5;2;1m[ 53%]:[0m compiling.release lib\commonlibsse-ng\src\RE\I\INIPrefSettingCollection.cpp[0m
[0m[38;5;2;1m[ 53%]:[0m compiling.release lib\commonlibsse-ng\src\RE\I\INISettingCollection.cpp[0m
[0m[38;5;2;1m[ 53%]:[0m compiling.release lib\commonlibsse-ng\src\RE\I\InputEvent.cpp[0m
[0m[38;5;2;1m[ 53%]:[0m compiling.release lib\commonlibsse-ng\src\RE\I\InterfaceStrings.cpp[0m
[0m[38;5;2;1m[ 54%]:[0m compiling.release lib\commonlibsse-ng\src\RE\I\Inventory.cpp[0m
[0m[38;5;2;1m[ 54%]:[0m compiling.release lib\commonlibsse-ng\src\RE\I\Inventory3DManager.cpp[0m
[0m[38;5;2;1m[ 54%]:[0m compiling.release lib\commonlibsse-ng\src\RE\I\InventoryChanges.cpp[0m
[0m[38;5;2;1m[ 54%]:[0m compiling.release lib\commonlibsse-ng\src\RE\I\InventoryEntryData.cpp[0m
[0m[38;5;2;1m[ 54%]:[0m compiling.release lib\commonlibsse-ng\src\RE\I\IObjectHandlePolicy.cpp[0m
[0m[38;5;2;1m[ 54%]:[0m compiling.release lib\commonlibsse-ng\src\RE\I\IStackCallbackFunctor.cpp[0m
[0m[38;5;2;1m[ 55%]:[0m compiling.release lib\commonlibsse-ng\src\RE\I\ItemCrafted.cpp[0m
[0m[38;5;2;1m[ 55%]:[0m compiling.release lib\commonlibsse-ng\src\RE\I\ItemHarvested.cpp[0m
[0m[38;5;2;1m[ 55%]:[0m compiling.release lib\commonlibsse-ng\src\RE\I\ItemList.cpp[0m
[0m[38;5;2;1m[ 55%]:[0m compiling.release lib\commonlibsse-ng\src\RE\I\ItemsPickpocketed.cpp[0m
[0m[38;5;2;1m[ 55%]:[0m compiling.release lib\commonlibsse-ng\src\RE\I\IVirtualMachine.cpp[0m
[0m[38;5;2;1m[ 56%]:[0m compiling.release lib\commonlibsse-ng\src\RE\L\LevelIncrease.cpp[0m
[0m[38;5;2;1m[ 56%]:[0m compiling.release lib\commonlibsse-ng\src\RE\L\LocalMapCamera.cpp[0m
[0m[38;5;2;1m[ 56%]:[0m compiling.release lib\commonlibsse-ng\src\RE\L\Location.cpp[0m
[0m[38;5;2;1m[ 56%]:[0m compiling.release lib\commonlibsse-ng\src\RE\L\LocationCleared.cpp[0m
[0m[38;5;2;1m[ 56%]:[0m compiling.release lib\commonlibsse-ng\src\RE\L\LocationDiscovery.cpp[0m
[0m[38;5;2;1m[ 57%]:[0m compiling.release lib\commonlibsse-ng\src\RE\L\LockpickingMenu.cpp[0m
[0m[38;5;2;1m[ 57%]:[0m compiling.release lib\commonlibsse-ng\src\RE\L\LooseFileStream.cpp[0m
[0m[38;5;2;1m[ 57%]:[0m compiling.release lib\commonlibsse-ng\src\RE\M\MagicCaster.cpp[0m
[0m[38;5;2;1m[ 57%]:[0m compiling.release lib\commonlibsse-ng\src\RE\M\MagicFavorites.cpp[0m
[0m[38;5;2;1m[ 57%]:[0m compiling.release lib\commonlibsse-ng\src\RE\M\MagicFormulas.cpp[0m
[0m[38;5;2;1m[ 57%]:[0m compiling.release lib\commonlibsse-ng\src\RE\M\MagicItem.cpp[0m
[0m[38;5;2;1m[ 58%]:[0m compiling.release lib\commonlibsse-ng\src\RE\M\MagicItemDataCollector.cpp[0m
[0m[38;5;2;1m[ 58%]:[0m compiling.release lib\commonlibsse-ng\src\RE\M\MagicItemList.cpp[0m
[0m[38;5;2;1m[ 58%]:[0m compiling.release lib\commonlibsse-ng\src\RE\M\MagicSystem.cpp[0m
[0m[38;5;2;1m[ 58%]:[0m compiling.release lib\commonlibsse-ng\src\RE\M\MagicTarget.cpp[0m
[0m[38;5;2;1m[ 58%]:[0m compiling.release lib\commonlibsse-ng\src\RE\M\MagicUtilities.cpp[0m
[0m[38;5;2;1m[ 59%]:[0m compiling.release lib\commonlibsse-ng\src\RE\M\Main.cpp[0m
[0m[38;5;2;1m[ 59%]:[0m compiling.release lib\commonlibsse-ng\src\RE\M\MaterialIDs.cpp[0m
[0m[38;5;2;1m[ 59%]:[0m compiling.release lib\commonlibsse-ng\src\RE\M\MemoryPage.cpp[0m
[0m[38;5;2;1m[ 59%]:[0m compiling.release lib\commonlibsse-ng\src\RE\M\MenuControls.cpp[0m
[0m[38;5;2;1m[ 59%]:[0m compiling.release lib\commonlibsse-ng\src\RE\M\MenuCursor.cpp[0m
[0m[38;5;2;1m[ 60%]:[0m compiling.release lib\commonlibsse-ng\src\RE\M\MenuEventHandler.cpp[0m
[0m[38;5;2;1m[ 60%]:[0m compiling.release lib\commonlibsse-ng\src\RE\M\MessageBoxMenu.cpp[0m
[0m[38;5;2;1m[ 60%]:[0m compiling.release lib\commonlibsse-ng\src\RE\M\Misc.cpp[0m
[0m[38;5;2;1m[ 60%]:[0m compiling.release lib\commonlibsse-ng\src\RE\M\MissileProjectile.cpp[0m
[0m[38;5;2;1m[ 60%]:[0m compiling.release lib\commonlibsse-ng\src\RE\N\NativeFunctionBase.cpp[0m
[0m[38;5;2;1m[ 60%]:[0m compiling.release lib\commonlibsse-ng\src\RE\N\NextChildSelector.cpp[0m
[0m[38;5;2;1m[ 61%]:[0m compiling.release lib\commonlibsse-ng\src\RE\N\NiAlphaProperty.cpp[0m
[0m[38;5;2;1m[ 61%]:[0m compiling.release lib\commonlibsse-ng\src\RE\N\NiAnimationKey.cpp[0m
[0m[38;5;2;1m[ 61%]:[0m compiling.release lib\commonlibsse-ng\src\RE\N\NiAVObject.cpp[0m
[0m[38;5;2;1m[ 61%]:[0m compiling.release lib\commonlibsse-ng\src\RE\N\NiBinaryExtraData.cpp[0m
[0m[38;5;2;1m[ 61%]:[0m compiling.release lib\commonlibsse-ng\src\RE\N\NiBinaryStream.cpp[0m
[0m[38;5;2;1m[ 62%]:[0m compiling.release lib\commonlibsse-ng\src\RE\N\NiBooleanExtraData.cpp[0m
[0m[38;5;2;1m[ 62%]:[0m compiling.release lib\commonlibsse-ng\src\RE\N\NiCamera.cpp[0m
[0m[38;5;2;1m[ 62%]:[0m compiling.release lib\commonlibsse-ng\src\RE\N\NiColor.cpp[0m
[0m[38;5;2;1m[ 62%]:[0m compiling.release lib\commonlibsse-ng\src\RE\N\NiColorData.cpp[0m
[0m[38;5;2;1m[ 62%]:[0m compiling.release lib\commonlibsse-ng\src\RE\N\NiColorKey.cpp[0m
[0m[38;5;2;1m[ 63%]:[0m compiling.release lib\commonlibsse-ng\src\RE\N\NiControllerManager.cpp[0m
[0m[38;5;2;1m[ 63%]:[0m compiling.release lib\commonlibsse-ng\src\RE\N\NiControllerSequence.cpp[0m
[0m[38;5;2;1m[ 63%]:[0m compiling.release lib\commonlibsse-ng\src\RE\N\NiCullingProcess.cpp[0m
[0m[38;5;2;1m[ 63%]:[0m compiling.release lib\commonlibsse-ng\src\RE\N\NiExtraData.cpp[0m
[0m[38;5;2;1m[ 63%]:[0m compiling.release lib\commonlibsse-ng\src\RE\N\NiFloatData.cpp[0m
[0m[38;5;2;1m[ 63%]:[0m compiling.release lib\commonlibsse-ng\src\RE\N\NiFloatExtraData.cpp[0m
[0m[38;5;2;1m[ 64%]:[0m compiling.release lib\commonlibsse-ng\src\RE\N\NiFloatKey.cpp[0m
[0m[38;5;2;1m[ 64%]:[0m compiling.release lib\commonlibsse-ng\src\RE\N\NiFloatsExtraData.cpp[0m
[0m[38;5;2;1m[ 64%]:[0m compiling.release lib\commonlibsse-ng\src\RE\N\NiGeometry.cpp[0m
[0m[38;5;2;1m[ 64%]:[0m compiling.release lib\commonlibsse-ng\src\RE\N\NiIntegerExtraData.cpp[0m
[0m[38;5;2;1m[ 64%]:[0m compiling.release lib\commonlibsse-ng\src\RE\N\NiIntegersExtraData.cpp[0m
[0m[38;5;2;1m[ 65%]:[0m compiling.release lib\commonlibsse-ng\src\RE\N\NiInterpolator.cpp[0m
[0m[38;5;2;1m[ 65%]:[0m compiling.release lib\commonlibsse-ng\src\RE\N\NiMath.cpp[0m
[0m[38;5;2;1m[ 65%]:[0m compiling.release lib\commonlibsse-ng\src\RE\N\NiMatrix3.cpp[0m
[0m[38;5;2;1m[ 65%]:[0m compiling.release lib\commonlibsse-ng\src\RE\N\NiMemManager.cpp[0m
[0m[38;5;2;1m[ 65%]:[0m compiling.release lib\commonlibsse-ng\src\RE\N\NiNode.cpp[0m
[0m[38;5;2;1m[ 66%]:[0m compiling.release lib\commonlibsse-ng\src\RE\N\NiObject.cpp[0m
[0m[38;5;2;1m[ 66%]:[0m compiling.release lib\commonlibsse-ng\src\RE\N\NiObjectNET.cpp[0m
[0m[38;5;2;1m[ 66%]:[0m compiling.release lib\commonlibsse-ng\src\RE\N\NiPick.cpp[0m
[0m[38;5;2;1m[ 66%]:[0m compiling.release lib\commonlibsse-ng\src\RE\N\NiPoint2.cpp[0m
[0m[38;5;2;1m[ 66%]:[0m compiling.release lib\commonlibsse-ng\src\RE\N\NiPoint3.cpp[0m
[0m[38;5;2;1m[ 66%]:[0m compiling.release lib\commonlibsse-ng\src\RE\N\NiQuaternion.cpp[0m
[0m[38;5;2;1m[ 67%]:[0m compiling.release lib\commonlibsse-ng\src\RE\N\NiRefObject.cpp[0m
[0m[38;5;2;1m[ 67%]:[0m compiling.release lib\commonlibsse-ng\src\RE\N\NiSkinInstance.cpp[0m
[0m[38;5;2;1m[ 67%]:[0m compiling.release lib\commonlibsse-ng\src\RE\N\NiStringsExtraData.cpp[0m
[0m[38;5;2;1m[ 67%]:[0m compiling.release lib\commonlibsse-ng\src\RE\N\NiSystem.cpp[0m
[0m[38;5;2;1m[ 67%]:[0m compiling.release lib\commonlibsse-ng\src\RE\N\NiTCollection.cpp[0m
[0m[38;5;2;1m[ 68%]:[0m compiling.release lib\commonlibsse-ng\src\RE\N\NiTexture.cpp[0m
[0m[38;5;2;1m[ 68%]:[0m compiling.release lib\commonlibsse-ng\src\RE\N\NiTimeController.cpp[0m
[0m[38;5;2;1m[ 68%]:[0m compiling.release lib\commonlibsse-ng\src\RE\N\NiTransform.cpp[0m
[0m[38;5;2;1m[ 68%]:[0m compiling.release lib\commonlibsse-ng\src\RE\O\Object.cpp[0m
[0m[38;5;2;1m[ 68%]:[0m compiling.release lib\commonlibsse-ng\src\RE\O\ObjectiveState.cpp[0m
[0m[38;5;2;1m[ 69%]:[0m compiling.release lib\commonlibsse-ng\src\RE\O\ObjectTypeInfo.cpp[0m
[0m[38;5;2;1m[ 69%]:[0m compiling.release lib\commonlibsse-ng\src\RE\P\PackedInstructionStream.cpp[0m
[0m[38;5;2;1m[ 69%]:[0m compiling.release lib\commonlibsse-ng\src\RE\P\PackUnpack.cpp[0m
[0m[38;5;2;1m[ 69%]:[0m compiling.release lib\commonlibsse-ng\src\RE\P\PlayerCamera.cpp[0m
[0m[38;5;2;1m[ 69%]:[0m compiling.release lib\commonlibsse-ng\src\RE\P\PlayerCameraTransitionState.cpp[0m
[0m[38;5;2;1m[ 69%]:[0m compiling.release lib\commonlibsse-ng\src\RE\P\PlayerCharacter.cpp[0m
[0m[38;5;2;1m[ 70%]:[0m compiling.release lib\commonlibsse-ng\src\RE\P\PlayerControls.cpp[0m
[0m[38;5;2;1m[ 70%]:[0m compiling.release lib\commonlibsse-ng\src\RE\P\PlayerInputHandler.cpp[0m
[0m[38;5;2;1m[ 70%]:[0m compiling.release lib\commonlibsse-ng\src\RE\P\PriorityChildSelector.cpp[0m
[0m[38;5;2;1m[ 70%]:[0m compiling.release lib\commonlibsse-ng\src\RE\P\ProcessLists.cpp[0m
[0m[38;5;2;1m[ 70%]:[0m compiling.release lib\commonlibsse-ng\src\RE\P\Projectile.cpp[0m
[0m[38;5;2;1m[ 71%]:[0m compiling.release lib\commonlibsse-ng\src\RE\Q\QuestStatus.cpp[0m
[0m[38;5;2;1m[ 71%]:[0m compiling.release lib\commonlibsse-ng\src\RE\R\RaceSexMenu.cpp[0m
[0m[38;5;2;1m[ 71%]:[0m compiling.release lib\commonlibsse-ng\src\RE\R\RandomValueChildSelector.cpp[0m
[0m[38;5;2;1m[ 71%]:[0m compiling.release lib\commonlibsse-ng\src\RE\R\ReferenceEffectController.cpp[0m
[0m[38;5;2;1m[ 71%]:[0m compiling.release lib\commonlibsse-ng\src\RE\R\RemoveCallbackVisitor.cpp[0m
[0m[38;5;2;1m[ 71%]:[0m compiling.release lib\commonlibsse-ng\src\RE\R\Renderer.cpp[0m
[0m[38;5;2;1m[ 72%]:[0m compiling.release lib\commonlibsse-ng\src\RE\R\Rumble.cpp[0m
[0m[38;5;2;1m[ 72%]:[0m compiling.release lib\commonlibsse-ng\src\RE\S\ScrapHeap.cpp[0m
[0m[38;5;2;1m[ 72%]:[0m compiling.release lib\commonlibsse-ng\src\RE\S\Script.cpp[0m
[0m[38;5;2;1m[ 72%]:[0m compiling.release lib\commonlibsse-ng\src\RE\S\ScriptEventSourceHolder.cpp[0m
[0m[38;5;2;1m[ 72%]:[0m compiling.release lib\commonlibsse-ng\src\RE\S\SendHUDMessage.cpp[0m
[0m[38;5;2;1m[ 73%]:[0m compiling.release lib\commonlibsse-ng\src\RE\S\SendUIMessage.cpp[0m
[0m[38;5;2;1m[ 73%]:[0m compiling.release lib\commonlibsse-ng\src\RE\S\Setting.cpp[0m
[0m[38;5;2;1m[ 73%]:[0m compiling.release lib\commonlibsse-ng\src\RE\S\ShadowSceneNode.cpp[0m
[0m[38;5;2;1m[ 73%]:[0m compiling.release lib\commonlibsse-ng\src\RE\S\ShoutAttack.cpp[0m
[0m[38;5;2;1m[ 73%]:[0m compiling.release lib\commonlibsse-ng\src\RE\S\SkillIncrease.cpp[0m
[0m[38;5;2;1m[ 74%]:[0m compiling.release lib\commonlibsse-ng\src\RE\S\Sky.cpp[0m
[0m[38;5;2;1m[ 74%]:[0m compiling.release lib\commonlibsse-ng\src\RE\S\SkyrimVM.cpp[0m
[0m[38;5;2;1m[ 74%]:[0m compiling.release lib\commonlibsse-ng\src\RE\S\SoulsTrapped.cpp[0m
[0m[38;5;2;1m[ 74%]:[0m compiling.release lib\commonlibsse-ng\src\RE\S\SourceActionMap.cpp[0m
[0m[38;5;2;1m[ 74%]:[0m compiling.release lib\commonlibsse-ng\src\RE\S\SpellsLearned.cpp[0m
[0m[38;5;2;1m[ 74%]:[0m compiling.release lib\commonlibsse-ng\src\RE\S\Stack.cpp[0m
[0m[38;5;2;1m[ 75%]:[0m compiling.release lib\commonlibsse-ng\src\RE\S\StackFrame.cpp[0m
[0m[38;5;2;1m[ 75%]:[0m compiling.release lib\commonlibsse-ng\src\RE\S\Stream.cpp[0m
[0m[38;5;2;1m[ 75%]:[0m compiling.release lib\commonlibsse-ng\src\RE\S\StreamBase.cpp[0m
[0m[38;5;2;1m[ 75%]:[0m compiling.release lib\commonlibsse-ng\src\RE\Skyrim.cpp[0m
[0m[38;5;2;1m[ 75%]:[0m compiling.release lib\commonlibsse-ng\src\RE\T\TaskQueueInterface.cpp[0m
[0m[38;5;2;1m[ 76%]:[0m compiling.release lib\commonlibsse-ng\src\RE\T\TES.cpp[0m
[0m[38;5;2;1m[ 76%]:[0m compiling.release lib\commonlibsse-ng\src\RE\T\TESActorBase.cpp[0m
[0m[38;5;2;1m[ 76%]:[0m compiling.release lib\commonlibsse-ng\src\RE\T\TESAIForm.cpp[0m
[0m[38;5;2;1m[ 76%]:[0m compiling.release lib\commonlibsse-ng\src\RE\T\TESAmmo.cpp[0m
[0m[38;5;2;1m[ 76%]:[0m compiling.release lib\commonlibsse-ng\src\RE\T\TESCamera.cpp[0m
[0m[38;5;2;1m[ 77%]:[0m compiling.release lib\commonlibsse-ng\src\RE\T\TESCameraState.cpp[0m
[0m[38;5;2;1m[ 77%]:[0m compiling.release lib\commonlibsse-ng\src\RE\T\TESClimate.cpp[0m
[0m[38;5;2;1m[ 77%]:[0m compiling.release lib\commonlibsse-ng\src\RE\T\TESCondition.cpp[0m
[0m[38;5;2;1m[ 77%]:[0m compiling.release lib\commonlibsse-ng\src\RE\T\TESContainer.cpp[0m
[0m[38;5;2;1m[ 77%]:[0m compiling.release lib\commonlibsse-ng\src\RE\T\TESDataHandler.cpp[0m
[0m[38;5;2;1m[ 77%]:[0m compiling.release lib\commonlibsse-ng\src\RE\T\TESDescription.cpp[0m
[0m[38;5;2;1m[ 78%]:[0m compiling.release lib\commonlibsse-ng\src\RE\T\TESFaction.cpp[0m
[0m[38;5;2;1m[ 78%]:[0m compiling.release lib\commonlibsse-ng\src\RE\T\TESFile.cpp[0m
[0m[38;5;2;1m[ 78%]:[0m compiling.release lib\commonlibsse-ng\src\RE\T\TESForm.cpp[0m
[0m[38;5;2;1m[ 78%]:[0m compiling.release lib\commonlibsse-ng\src\RE\T\TESHavokUtilities.cpp[0m
[0m[38;5;2;1m[ 78%]:[0m compiling.release lib\commonlibsse-ng\src\RE\T\TESHitEvent.cpp[0m
[0m[38;5;2;1m[ 79%]:[0m compiling.release lib\commonlibsse-ng\src\RE\T\TESLeveledList.cpp[0m
[0m[38;5;2;1m[ 79%]:[0m compiling.release lib\commonlibsse-ng\src\RE\T\TESNPC.cpp[0m
[0m[38;5;2;1m[ 79%]:[0m compiling.release lib\commonlibsse-ng\src\RE\T\TESObjectARMA.cpp[0m
[0m[38;5;2;1m[ 79%]:[0m compiling.release lib\commonlibsse-ng\src\RE\T\TESObjectARMO.cpp[0m
[0m[38;5;2;1m[ 79%]:[0m compiling.release lib\commonlibsse-ng\src\RE\T\TESObjectBOOK.cpp[0m
[0m[38;5;2;1m[ 80%]:[0m compiling.release lib\commonlibsse-ng\src\RE\T\TESObjectCELL.cpp[0m
[0m[38;5;2;1m[ 80%]:[0m compiling.release lib\commonlibsse-ng\src\RE\T\TESObjectREFR.cpp[0m
[0m[38;5;2;1m[ 80%]:[0m compiling.release lib\commonlibsse-ng\src\RE\T\TESObjectSTAT.cpp[0m
[0m[38;5;2;1m[ 80%]:[0m compiling.release lib\commonlibsse-ng\src\RE\T\TESObjectWEAP.cpp[0m
[0m[38;5;2;1m[ 80%]:[0m compiling.release lib\commonlibsse-ng\src\RE\T\TESQuest.cpp[0m
[0m[38;5;2;1m[ 80%]:[0m compiling.release lib\commonlibsse-ng\src\RE\T\TESRace.cpp[0m
[0m[38;5;2;1m[ 81%]:[0m compiling.release lib\commonlibsse-ng\src\RE\T\TESSpellList.cpp[0m
[0m[38;5;2;1m[ 81%]:[0m compiling.release lib\commonlibsse-ng\src\RE\T\TESTopic.cpp[0m
[0m[38;5;2;1m[ 81%]:[0m compiling.release lib\commonlibsse-ng\src\RE\T\TESTopicInfo.cpp[0m
[0m[38;5;2;1m[ 81%]:[0m compiling.release lib\commonlibsse-ng\src\RE\T\TESValueForm.cpp[0m
[0m[38;5;2;1m[ 81%]:[0m compiling.release lib\commonlibsse-ng\src\RE\T\TESWaterReflections.cpp[0m
[0m[38;5;2;1m[ 82%]:[0m compiling.release lib\commonlibsse-ng\src\RE\T\TESWaterSystem.cpp[0m
[0m[38;5;2;1m[ 82%]:[0m compiling.release lib\commonlibsse-ng\src\RE\T\TESWorldSpace.cpp[0m
[0m[38;5;2;1m[ 82%]:[0m compiling.release lib\commonlibsse-ng\src\RE\T\ThirdPersonState.cpp[0m
[0m[38;5;2;1m[ 82%]:[0m compiling.release lib\commonlibsse-ng\src\RE\T\ThumbstickEvent.cpp[0m
[0m[38;5;2;1m[ 82%]:[0m compiling.release lib\commonlibsse-ng\src\RE\T\TutorialMenu.cpp[0m
[0m[38;5;2;1m[ 83%]:[0m compiling.release lib\commonlibsse-ng\src\RE\T\TweenMenuCameraState.cpp[0m
[0m[38;5;2;1m[ 83%]:[0m compiling.release lib\commonlibsse-ng\src\RE\T\TypeInfo.cpp[0m
[0m[38;5;2;1m[ 83%]:[0m compiling.release lib\commonlibsse-ng\src\RE\U\UI.cpp[0m
[0m[38;5;2;1m[ 83%]:[0m compiling.release lib\commonlibsse-ng\src\RE\U\UI3DSceneManager.cpp[0m
[0m[38;5;2;1m[ 83%]:[0m compiling.release lib\commonlibsse-ng\src\RE\U\UIBlurManager.cpp[0m
[0m[38;5;2;1m[ 83%]:[0m compiling.release lib\commonlibsse-ng\src\RE\U\UIMessageQueue.cpp[0m
[0m[38;5;2;1m[ 84%]:[0m compiling.release lib\commonlibsse-ng\src\RE\U\UnlinkedTypes.cpp[0m
[0m[38;5;2;1m[ 84%]:[0m compiling.release lib\commonlibsse-ng\src\RE\U\UserEvents.cpp[0m
[0m[38;5;2;1m[ 84%]:[0m compiling.release lib\commonlibsse-ng\src\RE\V\ValueChildSelector.cpp[0m
[0m[38;5;2;1m[ 84%]:[0m compiling.release lib\commonlibsse-ng\src\RE\V\Variable.cpp[0m
[0m[38;5;2;1m[ 84%]:[0m compiling.release lib\commonlibsse-ng\src\RE\V\VATSCameraState.cpp[0m
[0m[38;5;2;1m[ 85%]:[0m compiling.release lib\commonlibsse-ng\src\RE\V\VirtualMachine.cpp[0m
[0m[38;5;2;1m[ 85%]:[0m compiling.release lib\commonlibsse-ng\src\RE\W\WeightedRandomChildSelector.cpp[0m
[0m[38;5;2;1m[ 85%]:[0m compiling.release lib\commonlibsse-ng\src\RE\W\WorldSpaceMenu.cpp[0m
[0m[38;5;2;1m[ 85%]:[0m compiling.release lib\commonlibsse-ng\src\RE\Z\ZeroFunctionArguments.cpp[0m
[0m[38;5;2;1m[ 85%]:[0m compiling.release lib\commonlibsse-ng\src\REL\IDDB.cpp[0m
[0m[38;5;2;1m[ 86%]:[0m compiling.release lib\commonlibsse-ng\src\REL\Module.cpp[0m
[0m[38;5;2;1m[ 86%]:[0m compiling.release lib\commonlibsse-ng\src\REL\Offset2ID.cpp[0m
[0m[38;5;2;1m[ 86%]:[0m compiling.release lib\commonlibsse-ng\src\REL\Relocation.cpp[0m
[0m[38;5;2;1m[ 86%]:[0m compiling.release lib\commonlibsse-ng\src\REL\Verify.cpp[0m
[0m[38;5;2;1m[ 86%]:[0m compiling.release lib\commonlibsse-ng\src\REL\Version.cpp[0m
[0m[38;5;2;1m[ 86%]:[0m compiling.release lib\commonlibsse-ng\src\REX\REX.cpp[0m
[0m[38;5;2;1m[ 87%]:[0m compiling.release lib\commonlibsse-ng\src\REX\W32.cpp[0m
[0m[38;5;2;1m[ 87%]:[0m compiling.release lib\commonlibsse-ng\src\SKSE\API.cpp[0m
[0m[38;5;2;1m[ 87%]:[0m compiling.release lib\commonlibsse-ng\src\SKSE\IAT.cpp[0m
[0m[38;5;2;1m[ 87%]:[0m compiling.release lib\commonlibsse-ng\src\SKSE\Impl\PCH.cpp[0m
[0m[38;5;2;1m[ 87%]:[0m compiling.release lib\commonlibsse-ng\src\SKSE\InputMap.cpp[0m
[0m[38;5;2;1m[ 88%]:[0m compiling.release lib\commonlibsse-ng\src\SKSE\Interfaces.cpp[0m
[0m[38;5;2;1m[ 88%]:[0m compiling.release lib\commonlibsse-ng\src\SKSE\Logger.cpp[0m
[0m[38;5;2;1m[ 88%]:[0m compiling.release lib\commonlibsse-ng\src\SKSE\RegistrationSet.cpp[0m
[0m[38;5;2;1m[ 88%]:[0m compiling.release lib\commonlibsse-ng\src\SKSE\RegistrationSetUnique.cpp[0m
[0m[38;5;2;1m[ 88%]:[0m compiling.release lib\commonlibsse-ng\src\SKSE\Trampoline.cpp[0m
[0m[38;5;2;1m[ 89%]:[0m compiling.release lib\commonlibsse-ng\src\SKSE\Translation.cpp[0m
[0m[38;5;2;1m[ 89%]:[0m compiling.release src\main.cpp[0m
[0m[38;5;2;1m[ 89%]:[0m compiling.release src\Papyrus.cpp[0m
[0m[38;5;2;1m[ 89%]:[0m compiling.release src\WidgetHost.cpp[0m
[0m[38;5;2;1m[ 89%]:[0m compiling.release build\.gens\iWantWidgetsPrisma\windows\x64\release\commonlibsse-ng-plugin.cpp[0m
[0m[38;5;3;1mlib\commonlibsse-ng\src\SKSE\Trampoline.cpp(173,180): warning C4100: 'a_loc': unreferenced parameter
	void Trampoline::write_5branch(std::uintptr_t a_src, std::uintptr_t a_dst, std::uint8_t a_opcode, bool a_skipSafetyCheck, std::uint64_t a_expectedPatchHash, std::source_location a_loc)
	                                                                                                                                                                                  ^
lib\commonlibsse-ng\src\SKSE\Trampoline.cpp(173,138): warning C4100: 'a_expectedPatchHash': unreferenced parameter
	void Trampoline::write_5branch(std::uintptr_t a_src, std::uintptr_t a_dst, std::uint8_t a_opcode, bool a_skipSafetyCheck, std::uint64_t a_expectedPatchHash, std::source_location a_loc)
	                                                                                                                                        ^
lib\commonlibsse-ng\src\SKSE\Trampoline.cpp(173,105): warning C4100: 'a_skipSafetyCheck': unreferenced parameter
	void Trampoline::write_5branch(std::uintptr_t a_src, std::uintptr_t a_dst, std::uint8_t a_opcode, bool a_skipSafetyCheck, std::uint64_t a_expectedPatchHash, std::source_location a_loc)
	                                                                                                       ^
lib\commonlibsse-ng\src\SKSE\Trampoline.cpp(235,179): warning C4100: 'a_loc': unreferenced parameter
	void Trampoline::write_6branch(std::uintptr_t a_src, std::uintptr_t a_dst, std::uint8_t a_modrm, bool a_skipSafetyCheck, std::uint64_t a_expectedPatchHash, std::source_location a_loc)
	                                                                                                                                                                                 ^
lib\commonlibsse-ng\src\SKSE\Trampoline.cpp(235,137): warning C4100: 'a_expectedPatchHash': unreferenced parameter
	void Trampoline::write_6branch(std::uintptr_t a_src, std::uintptr_t a_dst, std::uint8_t a_modrm, bool a_skipSafetyCheck, std::uint64_t a_expectedPatchHash, std::source_location a_loc)
	                                                                                                                                       ^
lib\commonlibsse-ng\src\SKSE\Trampoline.cpp(235,104): warning C4100: 'a_skipSafetyCheck': unreferenced parameter[0m
[0m[38;5;2;1m[ 93%]:[0m compiling.release build\.gens\iWantWidgetsPrisma\windows\x64\release\commonlib-plugin.rc[0m
[0m[38;5;2;1m[ 93%]:[0m [38;5;5;1marchiving.release commonlibsse-ng.lib[0m
[0m[38;5;3;1msrc\WidgetHost.cpp(222): warning C4996: 'sscanf': This function or variable may be unsafe. Consider using sscanf_s instead. To disable deprecation, use _CRT_SECURE_NO_WARNINGS. See online help for details.[0m
[0m[38;5;2;1m[ 94%]:[0m [38;5;5;1mlinking.release iWantWidgetsPrisma.dll[0m
installing iWantWidgetsPrisma ..
installing iWantWidgetsPrisma to E:\nefaram\mods\iWantWidgetsPrisma ..
[0m[38;5;2;1minstall ok![0m
[0m[38;5;2;1m[100%]:[0m [38;5;2;1mbuild ok, spent 129.406s[0m
[0m[1;38;5;3;1mwarning: [38;5;3;1m`xmake f --buildir=` has been deprecated, please use `xmake f -o/--builddir=`[0m
